mkdir -p Enclave/dnet-in/obj App/dnet-out/obj
GEN  =>  App/Enclave_u.h
CC   <=  App/Enclave_u.c
CXX  <=  App/ErrorSupport.cpp
CXX  <=  App/App.cpp
Creating darknet c objects out..
Creating darknet c objects out..
Creating darknet c objects out..
Creating darknet c objects out..
Creating darknet c objects out..
Creating darknet c objects out..
Creating darknet c objects out..
Creating darknet c objects out..
Creating darknet c objects out..
Creating darknet c objects out..
Creating darknet c objects out..
Creating darknet cpp objects out..
LINK =>  app
GEN  =>  Enclave/Enclave_t.h
CC   <=  Enclave/Enclave_t.c
CXX  <=  Enclave/Enclave.cpp
Creating darknet objects in enclave..
Creating darknet objects in enclave..
Creating darknet objects in enclave..
Creating darknet objects in enclave..
Creating darknet objects in enclave..
Creating darknet objects in enclave..
Creating darknet objects in enclave..
Creating darknet objects in enclave..
Creating darknet objects in enclave..
Creating darknet objects in enclave..
Creating darknet objects in enclave..
Creating darknet objects in enclave..
Creating darknet objects in enclave..
Creating darknet objects in enclave..
Creating darknet objects in enclave..
Creating darknet objects in enclave..
Creating darknet objects in enclave..
Creating darknet objects in enclave..
Creating darknet objects in enclave..
Creating darknet objects in enclave..
Creating darknet objects in enclave..
Creating darknet objects in enclave..
Creating darknet objects in enclave..
Creating darknet objects in enclave..
Creating darknet objects in enclave..
Creating darknet objects in enclave..
Creating darknet objects in enclave..
Creating darknet objects in enclave..
Creating darknet objects in enclave..
Creating darknet objects in enclave..
Creating darknet objects in enclave..
Creating darknet objects in enclave..
Creating darknet objects in enclave..
Creating darknet objects in enclave..
Creating darknet objects in enclave..
Creating darknet objects in enclave..
Creating darknet objects in enclave..
Creating darknet objects in enclave..
Creating darknet objects in enclave..
Creating darknet objects in enclave..
Creating darknet objects in enclave..
Creating darknet objects in enclave..
Creating darknet objects in enclave..
Creating trainer object in enclave..
LINK =>  enclave.so
tcs_num 1, tcs_max_num 1, tcs_min_pool 1
The required memory is 538370048B.
The required memory is 0x2016e000, 525752 KB.
Succeed.
<EnclaveConfiguration>
    <ProdID>0</ProdID>
    <ISVSVN>0</ISVSVN>
    <StackMaxSize>0x100000</StackMaxSize>
    <HeapMaxSize>0x20000000</HeapMaxSize>
    <TCSNum>1</TCSNum>
    <TCSPolicy>1</TCSPolicy>
    <DisableDebug>0</DisableDebug>
    <MiscSelect>0</MiscSelect>
    <MiscMask>0xFFFFFFFF</MiscMask>
</EnclaveConfiguration>
SIGN =>  enclave.signed.so
The project has been built in debug simulation mode.
